// Jest Snapshot v1, https://goo.gl/fbAQLP

exports[`Player Component render 1`] = `ReactWrapper {}`;
